>>> lazy_matrix_mul = __import__('101-lazy_matrix_mul').lazy_matrix_mul

>>> lazy_matrix_mul([[1], [2]], [[3]])
array([[3],
       [6]])

>>> lazy_matrix_mul([[1, 2], [2, 3]], [[4, 5], [6, 7]])
array([[16, 19],
       [26, 31]])

>>> lazy_matrix_mul([[1, 2, 3],[2, 3, 4],[3, 4, 5]], [[-4, 5.1],[5, -6.2], [-6, 7]])
array([[-12. ,  13.7],
       [-17. ,  19.6],
       [-22. ,  25.5]])

>>> lazy_matrix_mul(0, 0)
Traceback (most recent call last):
...
ValueError: Scalar operands are not allowed, use '*' instead

>>> lazy_matrix_mul([], 0)
Traceback (most recent call last):
...
ValueError: Scalar operands are not allowed, use '*' instead

>>> lazy_matrix_mul([], [])
0.0

>>> lazy_matrix_mul([[]], [])
array([0.])

>>> lazy_matrix_mul([[]], [[]])
Traceback (most recent call last):
...
ValueError: shapes (1,0) and (1,0) not aligned: 0 (dim 1) != 1 (dim 0)

>>> lazy_matrix_mul([[0]], [[]])
array([], shape=(1, 0), dtype=int64)

>>> lazy_matrix_mul([['A']], [['A']])
Traceback (most recent call last):
...
TypeError: Cannot cast scalar from dtype('bool') to dtype('<U1') according to the rule 'safe'

>>> lazy_matrix_mul([[0]], [['A']])
Traceback (most recent call last):
...
TypeError: invalid data type for einsum

>>> lazy_matrix_mul([[0], [0, 0]], [[0, 0], [0]])
Traceback (most recent call last):
...
ValueError: setting an array element with a sequence.

>>> lazy_matrix_mul([[0], [0]], [[0, 0], [0]])
Traceback (most recent call last):
...
ValueError: setting an array element with a sequence.

>>> lazy_matrix_mul([[0], [0]], [[0], [0]])
Traceback (most recent call last):
...
ValueError: shapes (2,1) and (2,1) not aligned: 1 (dim 1) != 2 (dim 0)
